测试 1: conn 参数（向后兼容）...
python : Traceback (most recent call last):
所在位置 行:1 字符: 62
+ ... e-tracker ; python test_repo_modifications.py > test_output.txt 2>&1  ...
+                 ~~~~~~~~~~~~~~~~~~~~~~~~~~~~~~~~~~~~~~~~~~~~~~~~~~~~~~~~
    + CategoryInfo          : NotSpecified: (Traceback (most recent call last)::String) [], RemoteException
    + FullyQualifiedErrorId : NativeCommandError
 
  File "C:\myProject\solo\repos\repo-14\s3a-14-time-tracker\test_repo_modifications.py", line 144, in <module>
    test_conn_parameter()
    ~~~~~~~~~~~~~~~~~~~^^
  File "C:\myProject\solo\repos\repo-14\s3a-14-time-tracker\test_repo_modifications.py", line 53, in test_conn
_parameter
    print("  \u2713 通过")
    ~~~~~^^^^^^^^^^^^
UnicodeEncodeError: 'gbk' codec can't encode character '\u2713' in position 2: illegal multibyte sequence
